// Jest Snapshot v1, https://goo.gl/fbAQLP

exports[`<MarkersMap /> should match snapshot 1`] = `null`;
