// Jest Snapshot v1, https://goo.gl/fbAQLP

exports[`<SearchFilter /> should match snapshot 1`] = `
<View
  style={
    {
      "backgroundColor": "#FFF",
      "borderColor": "#666",
      "borderRadius": 10,
      "borderWidth": 1,
      "color": "#000",
      "flexDirection": "row",
      "fontSize": 18,
      "height": 45,
      "justifyContent": "space-between",
      "margin": 10,
      "paddingHorizontal": 10,
      "width": 370,
    }
  }
>
  <View
    accessibilityState={
      {
        "busy": undefined,
        "checked": undefined,
        "disabled": undefined,
        "expanded": undefined,
        "selected": undefined,
      }
    }
    accessibilityValue={
      {
        "max": undefined,
        "min": undefined,
        "now": undefined,
        "text": undefined,
      }
    }
    accessible={true}
    collapsable={false}
    focusable={true}
    onBlur={[Function]}
    onClick={[Function]}
    onFocus={[Function]}
    onResponderGrant={[Function]}
    onResponderMove={[Function]}
    onResponderRelease={[Function]}
    onResponderTerminate={[Function]}
    onResponderTerminationRequest={[Function]}
    onStartShouldSetResponder={[Function]}
    style={
      {
        "alignItems": "center",
        "justifyContent": "center",
        "padding": 5,
      }
    }
    testID="btnModal"
    title="filter"
  >
    <RNSVGSvgView
      bbHeight="16"
      bbWidth="16"
      color="black"
      fill="currentColor"
      focusable={false}
      height={16}
      name="search"
      size={30}
      style={
        [
          {
            "backgroundColor": "transparent",
            "borderWidth": 0,
          },
          {
            "flex": 0,
            "height": 16,
            "width": 16,
          },
        ]
      }
      tintColor="black"
      width={16}
    >
      <RNSVGGroup
        fill={
          {
            "type": 2,
          }
        }
        propList={
          [
            "fill",
          ]
        }
      >
        <RNSVGPath
          d="M2 10.5a.5.5 0 01.5-.5h3a.5.5 0 010 1h-3a.5.5 0 01-.5-.5zm0-3a.5.5 0 01.5-.5h7a.5.5 0 010 1h-7a.5.5 0 01-.5-.5zm0-3a.5.5 0 01.5-.5h11a.5.5 0 010 1h-11a.5.5 0 01-.5-.5z"
        />
      </RNSVGGroup>
    </RNSVGSvgView>
  </View>
  <TextInput
    onBlur={[Function]}
    onChangeText={[Function]}
    placeholder="search"
    placeholderTextColor="#666"
    testID="input"
    value=""
  />
  <Modal
    animationType="slide"
    hardwareAccelerated={false}
    visible={false}
  />
</View>
`;
